// Jest Snapshot v1, https://goo.gl/fbAQLP

exports[`connectRatingMenu routing getWidgetSearchParameters should add the refinements according to the UI state provided 1`] = `
SearchParameters {
  "disjunctiveFacets": Array [
    "grade",
  ],
  "disjunctiveFacetsRefinements": Object {
    "grade": Array [
      "2",
      "3",
      "4",
      "5",
    ],
  },
  "facets": Array [],
  "facetsExcludes": Object {},
  "facetsRefinements": Object {},
  "hierarchicalFacets": Array [],
  "hierarchicalFacetsRefinements": Object {},
  "index": "",
  "numericRefinements": Object {},
  "tagRefinements": Array [],
}
`;

exports[`connectRatingMenu routing getWidgetState should add an entry equal to the refinement 1`] = `
Object {
  "ratingMenu": Object {
    "grade": 3,
  },
}
`;
