// Jest Snapshot v1, https://goo.gl/fbAQLP

exports[`Stats should render <Stats /> with custom CSS classes 1`] = `
<div
  className="my-root"
>
  <span
    className="my-text"
    dangerouslySetInnerHTML={
      Object {
        "__html": "
    1 result
     found in ms",
      }
    }
  />
</div>
`;

exports[`Stats should render <Template data= /> 1`] = `
<div>
  <Component
    data={
      Object {
        "cssClasses": Object {},
        "hasManyResults": true,
        "hasNoResults": false,
        "hasOneResult": false,
        "hitsPerPage": 10,
        "nbHits": 1234,
        "nbPages": 124,
        "page": 0,
        "processingTimeMS": 42,
        "query": "a query",
      }
    }
    rootProps={
      Object {
        "className": undefined,
      }
    }
    rootTagName="span"
    templateKey="text"
  />
</div>
`;
