// Jest Snapshot v1, https://goo.gl/fbAQLP

exports[`connectHitsPerPage provides the current hitsPerPage value 1`] = `
Array [
  Object {
    "isRefined": false,
    "label": "3 items per page",
    "value": 3,
  },
  Object {
    "isRefined": false,
    "label": "10 items per page",
    "value": 10,
  },
  Object {
    "isRefined": true,
    "label": "",
    "value": 7,
  },
]
`;

exports[`connectHitsPerPage provides the current hitsPerPage value 2`] = `
Array [
  Object {
    "isRefined": true,
    "label": "3 items per page",
    "value": 3,
  },
  Object {
    "isRefined": false,
    "label": "10 items per page",
    "value": 10,
  },
  Object {
    "isRefined": false,
    "label": "",
    "value": 7,
  },
]
`;

exports[`connectHitsPerPage routing getWidgetSearchParameters should add the refinements according to the UI state provided 1`] = `
SearchParameters {
  "disjunctiveFacets": Array [],
  "disjunctiveFacetsRefinements": Object {},
  "facets": Array [],
  "facetsExcludes": Object {},
  "facetsRefinements": Object {},
  "hierarchicalFacets": Array [],
  "hierarchicalFacetsRefinements": Object {},
  "hitsPerPage": 10,
  "index": "",
  "numericRefinements": Object {},
  "tagRefinements": Array [],
}
`;

exports[`connectHitsPerPage routing getWidgetState should add an entry equal to the refinement 1`] = `
Object {
  "hitsPerPage": 10,
}
`;
