// Jest Snapshot v1, https://goo.gl/fbAQLP

exports[`refinementList() render renders transformed items correctly 1`] = `
<HeaderFooter-AutoHide
  canToggleShowMore={false}
  collapsible={false}
  createURL={[Function]}
  cssClasses={
    Object {
      "active": "ais-refinement-list--item__active",
      "body": "ais-refinement-list--body",
      "checkbox": "ais-refinement-list--checkbox",
      "count": "ais-refinement-list--count",
      "footer": "ais-refinement-list--footer",
      "header": "ais-refinement-list--header",
      "item": "ais-refinement-list--item",
      "label": "ais-refinement-list--label",
      "list": "ais-refinement-list--list",
      "root": "ais-refinement-list",
    }
  }
  facetValues={
    Array [
      Object {
        "highlighted": "foo",
        "label": "foo",
        "transformed": true,
        "value": "foo",
      },
      Object {
        "highlighted": "bar",
        "label": "bar",
        "transformed": true,
        "value": "bar",
      },
    ]
  }
  hasExhaustiveItems={true}
  headerFooterData={
    Object {
      "header": Object {
        "refinedFacetsCount": 0,
      },
    }
  }
  isFromSearch={false}
  isShowingMore={false}
  searchIsAlwaysActive={false}
  searchPlaceholder="Search for other..."
  shouldAutoHideContainer={false}
  showMore={false}
  templateProps={
    Object {
      "templates": Object {
        "footer": "",
        "header": "",
        "item": "<label class=\\"{{cssClasses.label}}\\">
  <input type=\\"checkbox\\"
         class=\\"{{cssClasses.checkbox}}\\"
         value=\\"{{value}}\\"
         {{#isRefined}}checked{{/isRefined}} />
      {{{highlighted}}}
  <span class=\\"{{cssClasses.count}}\\">{{#helpers.formatNumber}}{{count}}{{/helpers.formatNumber}}</span>
</label>",
      },
      "templatesConfig": Object {},
      "transformData": undefined,
      "useCustomCompileOptions": Object {
        "footer": false,
        "header": false,
        "item": false,
      },
    }
  }
  toggleRefinement={[Function]}
  toggleShowMore={[Function]}
/>
`;
