// Jest Snapshot v1, https://goo.gl/fbAQLP

exports[`stats() calls twice render(<Stats props />, container) 1`] = `
Object {
  "areHitsSorted": false,
  "cssClasses": Object {
    "root": "ais-Stats",
    "text": "ais-Stats-text text cx",
  },
  "hitsPerPage": 2,
  "nbHits": 20,
  "nbPages": 10,
  "nbSortedHits": undefined,
  "page": 0,
  "processingTimeMS": 42,
  "query": "a query",
  "templateProps": Object {
    "templates": Object {
      "text": "
    {{#areHitsSorted}}
      {{#hasNoSortedResults}}No relevant results{{/hasNoSortedResults}}
      {{#hasOneSortedResults}}1 relevant result{{/hasOneSortedResults}}
      {{#hasManySortedResults}}{{#helpers.formatNumber}}{{nbSortedHits}}{{/helpers.formatNumber}} relevant results{{/hasManySortedResults}}
      sorted out of {{#helpers.formatNumber}}{{nbHits}}{{/helpers.formatNumber}}
    {{/areHitsSorted}}
    {{^areHitsSorted}}
      {{#hasNoResults}}No results{{/hasNoResults}}
      {{#hasOneResult}}1 result{{/hasOneResult}}
      {{#hasManyResults}}{{#helpers.formatNumber}}{{nbHits}}{{/helpers.formatNumber}} results{{/hasManyResults}}
    {{/areHitsSorted}}
    found in {{processingTimeMS}}ms",
    },
    "templatesConfig": undefined,
    "useCustomCompileOptions": Object {
      "text": false,
    },
  },
}
`;

exports[`stats() calls twice render(<Stats props />, container) 2`] = `
Object {
  "areHitsSorted": false,
  "cssClasses": Object {
    "root": "ais-Stats",
    "text": "ais-Stats-text text cx",
  },
  "hitsPerPage": 2,
  "nbHits": 20,
  "nbPages": 10,
  "nbSortedHits": undefined,
  "page": 0,
  "processingTimeMS": 42,
  "query": "a query",
  "templateProps": Object {
    "templates": Object {
      "text": "
    {{#areHitsSorted}}
      {{#hasNoSortedResults}}No relevant results{{/hasNoSortedResults}}
      {{#hasOneSortedResults}}1 relevant result{{/hasOneSortedResults}}
      {{#hasManySortedResults}}{{#helpers.formatNumber}}{{nbSortedHits}}{{/helpers.formatNumber}} relevant results{{/hasManySortedResults}}
      sorted out of {{#helpers.formatNumber}}{{nbHits}}{{/helpers.formatNumber}}
    {{/areHitsSorted}}
    {{^areHitsSorted}}
      {{#hasNoResults}}No results{{/hasNoResults}}
      {{#hasOneResult}}1 result{{/hasOneResult}}
      {{#hasManyResults}}{{#helpers.formatNumber}}{{nbHits}}{{/helpers.formatNumber}} results{{/hasManyResults}}
    {{/areHitsSorted}}
    found in {{processingTimeMS}}ms",
    },
    "templatesConfig": undefined,
    "useCustomCompileOptions": Object {
      "text": false,
    },
  },
}
`;
