// Jest Snapshot v1, https://goo.gl/fbAQLP

exports[`breadcrumb() render renders transformed items correctly 1`] = `
<Breadcrumb
  canRefine={true}
  createURL={[Function]}
  cssClasses={
    Object {
      "item": "ais-Breadcrumb-item",
      "link": "ais-Breadcrumb-link",
      "list": "ais-Breadcrumb-list",
      "noRefinement": "ais-Breadcrumb--noRefinement",
      "root": "ais-Breadcrumb",
      "selectedItem": "ais-Breadcrumb-item--selected",
      "separator": "ais-Breadcrumb-separator",
    }
  }
  items={
    Array [
      Object {
        "name": "Cameras & Camcorders",
        "transformed": true,
        "value": "Cameras & Camcorders > Digital Cameras",
      },
      Object {
        "name": "Digital Cameras",
        "transformed": true,
        "value": null,
      },
    ]
  }
  refine={[Function]}
  separator=" > "
  templateProps={
    Object {
      "templates": Object {
        "home": "Home",
        "separator": "",
      },
      "templatesConfig": undefined,
      "transformData": undefined,
      "useCustomCompileOptions": Object {
        "home": false,
        "separator": false,
      },
    }
  }
/>
`;
