// Jest Snapshot v1, https://goo.gl/fbAQLP

exports[`VoiceSearch Rendering with custom template for status 1`] = `
<div
  class="status"
>
  <p>
    status: recognizing
  </p>
   
  <p>
    errorCode: 
  </p>
   
  <p>
    isListening: true
  </p>
   
  <p>
    transcript: Hello
  </p>
   
  <p>
    isSpeechFinal: false
  </p>
   
  <p>
    isBrowserSupported: true
  </p>
</div>
`;

exports[`VoiceSearch Rendering with default props 1`] = `
<div>
  <div
    class="root"
  >
    <button
      class="button"
      title="Search by voice"
      type="button"
    >
      button
    </button>
    <div
      class="status"
    >
      status
    </div>
  </div>
</div>
`;
