// Jest Snapshot v1, https://goo.gl/fbAQLP

exports[`InstantSearch lifecycle when adding a widget when we call search.start when we have results calls widget.render({results, state, helper, templatesConfig, instantSearchInstance}) 1`] = `
Object {
  "createURL": [Function],
  "helper": ObjectContaining {
    "state": ObjectContaining {
      "another": Object {
        "config": "parameter",
        "different": "parameter",
      },
    },
  },
  "instantSearchInstance": Any<InstantSearch>,
  "results": Object {
    "some": "data",
  },
  "searchMetadata": Object {
    "isSearchStalled": false,
  },
  "state": ObjectContaining {
    "another": Object {
      "config": "parameter",
      "different": "parameter",
    },
  },
  "templatesConfig": Object {
    "compileOptions": Object {},
    "helpers": Object {
      "formatNumber": [Function],
      "highlight": [Function],
      "snippet": [Function],
    },
  },
}
`;
