// Jest Snapshot v1, https://goo.gl/fbAQLP

exports[`ratingMenu() calls twice ReactDOM.render(<RefinementList props />, container) 1`] = `
<RefinementList
  createURL={[Function]}
  cssClasses={
    Object {
      "count": "ais-StarRating-count",
      "disabledItem": "ais-StarRating-item--disabled",
      "emptyStarIcon": "ais-StarRating-starIcon--empty",
      "fullStarIcon": "ais-StarRating-starIcon--full",
      "item": "ais-StarRating-item",
      "label": "ais-StarRating-label",
      "link": "ais-StarRating-link",
      "list": "ais-StarRating-list",
      "noRefinementRoot": "ais-StarRating--noRefinement",
      "root": "ais-StarRating",
      "selectedItem": "ais-StarRating-item--selected",
      "starIcon": "ais-StarRating-starIcon",
    }
  }
  depth={0}
  facetValues={
    Array [
      Object {
        "count": 0,
        "isRefined": false,
        "labels": Object {
          "andUp": "& Up",
        },
        "name": "4",
        "stars": Array [
          true,
          true,
          true,
          true,
          false,
        ],
        "value": "4",
      },
      Object {
        "count": 0,
        "isRefined": false,
        "labels": Object {
          "andUp": "& Up",
        },
        "name": "3",
        "stars": Array [
          true,
          true,
          true,
          false,
          false,
        ],
        "value": "3",
      },
      Object {
        "count": 0,
        "isRefined": false,
        "labels": Object {
          "andUp": "& Up",
        },
        "name": "2",
        "stars": Array [
          true,
          true,
          false,
          false,
          false,
        ],
        "value": "2",
      },
      Object {
        "count": 0,
        "isRefined": false,
        "labels": Object {
          "andUp": "& Up",
        },
        "name": "1",
        "stars": Array [
          true,
          false,
          false,
          false,
          false,
        ],
        "value": "1",
      },
    ]
  }
  templateProps={
    Object {
      "templates": Object {
        "item": "<a class=\\"{{cssClasses.link}}{{^count}} {{cssClasses.disabledLink}}{{/count}}\\" {{#count}}href=\\"{{href}}\\"{{/count}}>
  {{#stars}}<span class=\\"{{#.}}{{cssClasses.star}}{{/.}}{{^.}}{{cssClasses.emptyStar}}{{/.}}\\"></span>{{/stars}}
  {{labels.andUp}}
  {{#count}}<span class=\\"{{cssClasses.count}}\\">{{#helpers.formatNumber}}{{count}}{{/helpers.formatNumber}}</span>{{/count}}
</a>",
      },
      "templatesConfig": undefined,
      "transformData": undefined,
      "useCustomCompileOptions": Object {
        "item": false,
      },
    }
  }
  toggleRefinement={[Function]}
/>
`;

exports[`ratingMenu() calls twice ReactDOM.render(<RefinementList props />, container) 2`] = `
<RefinementList
  createURL={[Function]}
  cssClasses={
    Object {
      "count": "ais-StarRating-count",
      "disabledItem": "ais-StarRating-item--disabled",
      "emptyStarIcon": "ais-StarRating-starIcon--empty",
      "fullStarIcon": "ais-StarRating-starIcon--full",
      "item": "ais-StarRating-item",
      "label": "ais-StarRating-label",
      "link": "ais-StarRating-link",
      "list": "ais-StarRating-list",
      "noRefinementRoot": "ais-StarRating--noRefinement",
      "root": "ais-StarRating",
      "selectedItem": "ais-StarRating-item--selected",
      "starIcon": "ais-StarRating-starIcon",
    }
  }
  depth={0}
  facetValues={
    Array [
      Object {
        "count": 0,
        "isRefined": false,
        "labels": Object {
          "andUp": "& Up",
        },
        "name": "4",
        "stars": Array [
          true,
          true,
          true,
          true,
          false,
        ],
        "value": "4",
      },
      Object {
        "count": 0,
        "isRefined": false,
        "labels": Object {
          "andUp": "& Up",
        },
        "name": "3",
        "stars": Array [
          true,
          true,
          true,
          false,
          false,
        ],
        "value": "3",
      },
      Object {
        "count": 0,
        "isRefined": false,
        "labels": Object {
          "andUp": "& Up",
        },
        "name": "2",
        "stars": Array [
          true,
          true,
          false,
          false,
          false,
        ],
        "value": "2",
      },
      Object {
        "count": 0,
        "isRefined": false,
        "labels": Object {
          "andUp": "& Up",
        },
        "name": "1",
        "stars": Array [
          true,
          false,
          false,
          false,
          false,
        ],
        "value": "1",
      },
    ]
  }
  templateProps={
    Object {
      "templates": Object {
        "item": "<a class=\\"{{cssClasses.link}}{{^count}} {{cssClasses.disabledLink}}{{/count}}\\" {{#count}}href=\\"{{href}}\\"{{/count}}>
  {{#stars}}<span class=\\"{{#.}}{{cssClasses.star}}{{/.}}{{^.}}{{cssClasses.emptyStar}}{{/.}}\\"></span>{{/stars}}
  {{labels.andUp}}
  {{#count}}<span class=\\"{{cssClasses.count}}\\">{{#helpers.formatNumber}}{{count}}{{/helpers.formatNumber}}</span>{{/count}}
</a>",
      },
      "templatesConfig": undefined,
      "transformData": undefined,
      "useCustomCompileOptions": Object {
        "item": false,
      },
    }
  }
  toggleRefinement={[Function]}
/>
`;
