// Jest Snapshot v1, https://goo.gl/fbAQLP

exports[`CurrentRefinedValues options.attributes uses label 1`] = `
<div>
  <a
    className="clear-all-class"
    href="#cleared-all"
    onClick={[Function]}
  >
    <div
      dangerouslySetInnerHTML={
        Object {
          "__html": "CLEAR ALL",
        }
      }
    />
  </a>
  <div
    className="list-class"
  >
    <div
      className="item-class"
    >
      <a
        className="link-class"
        href="#cleared-facet-val1"
        onClick={[Function]}
      >
        <div
          dangerouslySetInnerHTML={
            Object {
              "__html": "facet: facet-val1 :COUCOU",
            }
          }
        />
      </a>
    </div>
    <div
      className="item-class"
    >
      <a
        className="link-class"
        href="#cleared-facet-val2"
        onClick={[Function]}
      >
        <div
          dangerouslySetInnerHTML={
            Object {
              "__html": "facet: facet-val2 :COUCOU",
            }
          }
        />
      </a>
    </div>
    <div
      className="item-class"
    >
      <a
        className="link-class"
        href="#cleared-facetExclude-val1"
        onClick={[Function]}
      >
        <div
          dangerouslySetInnerHTML={
            Object {
              "__html": "facetExclude: disjunctiveFacet-val1 :",
            }
          }
        />
      </a>
    </div>
    <div
      className="item-class"
    >
      <a
        className="link-class"
        href="#cleared-disjunctiveFacet-val1"
        onClick={[Function]}
      >
        <div
          dangerouslySetInnerHTML={
            Object {
              "__html": "disjunctiveFacet: disjunctiveFacet-val1 :",
            }
          }
        />
      </a>
    </div>
    <div
      className="item-class"
    >
      <a
        className="link-class"
        href="#cleared-hierarchicalFacet-val1"
        onClick={[Function]}
      >
        <div
          dangerouslySetInnerHTML={
            Object {
              "__html": "hierarchicalFacet: hierarchicalFacet-val1 :",
            }
          }
        />
      </a>
    </div>
    <div
      className="item-class"
    >
      <a
        className="link-class"
        href="#cleared-numericFacet-val1"
        onClick={[Function]}
      >
        <div
          dangerouslySetInnerHTML={
            Object {
              "__html": "numericFacet: numericFacet-val1 :",
            }
          }
        />
      </a>
    </div>
    <div
      className="item-class"
    >
      <a
        className="link-class"
        href="#cleared-tag1"
        onClick={[Function]}
      >
        <div
          dangerouslySetInnerHTML={
            Object {
              "__html": "_tags: tag1 :",
            }
          }
        />
      </a>
    </div>
  </div>
</div>
`;

exports[`CurrentRefinedValues options.attributes uses template 1`] = `
<div>
  <a
    className="clear-all-class"
    href="#cleared-all"
    onClick={[Function]}
  >
    <div
      dangerouslySetInnerHTML={
        Object {
          "__html": "CLEAR ALL",
        }
      }
    />
  </a>
  <div
    className="list-class"
  >
    <div
      className="item-class"
    >
      <a
        className="link-class"
        href="#cleared-facet-val1"
        onClick={[Function]}
      >
        <div
          dangerouslySetInnerHTML={
            Object {
              "__html": "CUSTOM TEMPLATE",
            }
          }
        />
      </a>
    </div>
    <div
      className="item-class"
    >
      <a
        className="link-class"
        href="#cleared-facet-val2"
        onClick={[Function]}
      >
        <div
          dangerouslySetInnerHTML={
            Object {
              "__html": "CUSTOM TEMPLATE",
            }
          }
        />
      </a>
    </div>
    <div
      className="item-class"
    >
      <a
        className="link-class"
        href="#cleared-facetExclude-val1"
        onClick={[Function]}
      >
        <div
          dangerouslySetInnerHTML={
            Object {
              "__html": "facetExclude: disjunctiveFacet-val1 :",
            }
          }
        />
      </a>
    </div>
    <div
      className="item-class"
    >
      <a
        className="link-class"
        href="#cleared-disjunctiveFacet-val1"
        onClick={[Function]}
      >
        <div
          dangerouslySetInnerHTML={
            Object {
              "__html": "disjunctiveFacet: disjunctiveFacet-val1 :",
            }
          }
        />
      </a>
    </div>
    <div
      className="item-class"
    >
      <a
        className="link-class"
        href="#cleared-hierarchicalFacet-val1"
        onClick={[Function]}
      >
        <div
          dangerouslySetInnerHTML={
            Object {
              "__html": "hierarchicalFacet: hierarchicalFacet-val1 :",
            }
          }
        />
      </a>
    </div>
    <div
      className="item-class"
    >
      <a
        className="link-class"
        href="#cleared-numericFacet-val1"
        onClick={[Function]}
      >
        <div
          dangerouslySetInnerHTML={
            Object {
              "__html": "numericFacet: numericFacet-val1 :",
            }
          }
        />
      </a>
    </div>
    <div
      className="item-class"
    >
      <a
        className="link-class"
        href="#cleared-tag1"
        onClick={[Function]}
      >
        <div
          dangerouslySetInnerHTML={
            Object {
              "__html": "_tags: tag1 :",
            }
          }
        />
      </a>
    </div>
  </div>
</div>
`;

exports[`CurrentRefinedValues options.attributes uses transformData 1`] = `
<div>
  <a
    className="clear-all-class"
    href="#cleared-all"
    onClick={[Function]}
  >
    <div
      dangerouslySetInnerHTML={
        Object {
          "__html": "CLEAR ALL",
        }
      }
    />
  </a>
  <div
    className="list-class"
  >
    <div
      className="item-class"
    >
      <a
        className="link-class"
        href="#cleared-facet-val1"
        onClick={[Function]}
      >
        <div
          dangerouslySetInnerHTML={
            Object {
              "__html": "facet: facet-val1 :YEAH!",
            }
          }
        />
      </a>
    </div>
    <div
      className="item-class"
    >
      <a
        className="link-class"
        href="#cleared-facet-val2"
        onClick={[Function]}
      >
        <div
          dangerouslySetInnerHTML={
            Object {
              "__html": "facet: facet-val2 :YEAH!",
            }
          }
        />
      </a>
    </div>
    <div
      className="item-class"
    >
      <a
        className="link-class"
        href="#cleared-facetExclude-val1"
        onClick={[Function]}
      >
        <div
          dangerouslySetInnerHTML={
            Object {
              "__html": "facetExclude: disjunctiveFacet-val1 :",
            }
          }
        />
      </a>
    </div>
    <div
      className="item-class"
    >
      <a
        className="link-class"
        href="#cleared-disjunctiveFacet-val1"
        onClick={[Function]}
      >
        <div
          dangerouslySetInnerHTML={
            Object {
              "__html": "disjunctiveFacet: disjunctiveFacet-val1 :",
            }
          }
        />
      </a>
    </div>
    <div
      className="item-class"
    >
      <a
        className="link-class"
        href="#cleared-hierarchicalFacet-val1"
        onClick={[Function]}
      >
        <div
          dangerouslySetInnerHTML={
            Object {
              "__html": "hierarchicalFacet: hierarchicalFacet-val1 :",
            }
          }
        />
      </a>
    </div>
    <div
      className="item-class"
    >
      <a
        className="link-class"
        href="#cleared-numericFacet-val1"
        onClick={[Function]}
      >
        <div
          dangerouslySetInnerHTML={
            Object {
              "__html": "numericFacet: numericFacet-val1 :",
            }
          }
        />
      </a>
    </div>
    <div
      className="item-class"
    >
      <a
        className="link-class"
        href="#cleared-tag1"
        onClick={[Function]}
      >
        <div
          dangerouslySetInnerHTML={
            Object {
              "__html": "_tags: tag1 :",
            }
          }
        />
      </a>
    </div>
  </div>
</div>
`;

exports[`CurrentRefinedValues options.clearAllPosition 'after' 1`] = `
<div>
  <div
    className="list-class"
  >
    <div
      className="item-class"
    >
      <a
        className="link-class"
        href="#cleared-facet-val1"
        onClick={[Function]}
      >
        <div
          dangerouslySetInnerHTML={
            Object {
              "__html": "facet: facet-val1 :",
            }
          }
        />
      </a>
    </div>
    <div
      className="item-class"
    >
      <a
        className="link-class"
        href="#cleared-facet-val2"
        onClick={[Function]}
      >
        <div
          dangerouslySetInnerHTML={
            Object {
              "__html": "facet: facet-val2 :",
            }
          }
        />
      </a>
    </div>
    <div
      className="item-class"
    >
      <a
        className="link-class"
        href="#cleared-facetExclude-val1"
        onClick={[Function]}
      >
        <div
          dangerouslySetInnerHTML={
            Object {
              "__html": "facetExclude: disjunctiveFacet-val1 :",
            }
          }
        />
      </a>
    </div>
    <div
      className="item-class"
    >
      <a
        className="link-class"
        href="#cleared-disjunctiveFacet-val1"
        onClick={[Function]}
      >
        <div
          dangerouslySetInnerHTML={
            Object {
              "__html": "disjunctiveFacet: disjunctiveFacet-val1 :",
            }
          }
        />
      </a>
    </div>
    <div
      className="item-class"
    >
      <a
        className="link-class"
        href="#cleared-hierarchicalFacet-val1"
        onClick={[Function]}
      >
        <div
          dangerouslySetInnerHTML={
            Object {
              "__html": "hierarchicalFacet: hierarchicalFacet-val1 :",
            }
          }
        />
      </a>
    </div>
    <div
      className="item-class"
    >
      <a
        className="link-class"
        href="#cleared-numericFacet-val1"
        onClick={[Function]}
      >
        <div
          dangerouslySetInnerHTML={
            Object {
              "__html": "numericFacet: numericFacet-val1 :",
            }
          }
        />
      </a>
    </div>
    <div
      className="item-class"
    >
      <a
        className="link-class"
        href="#cleared-tag1"
        onClick={[Function]}
      >
        <div
          dangerouslySetInnerHTML={
            Object {
              "__html": "_tags: tag1 :",
            }
          }
        />
      </a>
    </div>
  </div>
  <a
    className="clear-all-class"
    href="#cleared-all"
    onClick={[Function]}
  >
    <div
      dangerouslySetInnerHTML={
        Object {
          "__html": "CLEAR ALL",
        }
      }
    />
  </a>
</div>
`;

exports[`CurrentRefinedValues options.clearAllPosition 'before' 1`] = `
<div>
  <a
    className="clear-all-class"
    href="#cleared-all"
    onClick={[Function]}
  >
    <div
      dangerouslySetInnerHTML={
        Object {
          "__html": "CLEAR ALL",
        }
      }
    />
  </a>
  <div
    className="list-class"
  >
    <div
      className="item-class"
    >
      <a
        className="link-class"
        href="#cleared-facet-val1"
        onClick={[Function]}
      >
        <div
          dangerouslySetInnerHTML={
            Object {
              "__html": "facet: facet-val1 :",
            }
          }
        />
      </a>
    </div>
    <div
      className="item-class"
    >
      <a
        className="link-class"
        href="#cleared-facet-val2"
        onClick={[Function]}
      >
        <div
          dangerouslySetInnerHTML={
            Object {
              "__html": "facet: facet-val2 :",
            }
          }
        />
      </a>
    </div>
    <div
      className="item-class"
    >
      <a
        className="link-class"
        href="#cleared-facetExclude-val1"
        onClick={[Function]}
      >
        <div
          dangerouslySetInnerHTML={
            Object {
              "__html": "facetExclude: disjunctiveFacet-val1 :",
            }
          }
        />
      </a>
    </div>
    <div
      className="item-class"
    >
      <a
        className="link-class"
        href="#cleared-disjunctiveFacet-val1"
        onClick={[Function]}
      >
        <div
          dangerouslySetInnerHTML={
            Object {
              "__html": "disjunctiveFacet: disjunctiveFacet-val1 :",
            }
          }
        />
      </a>
    </div>
    <div
      className="item-class"
    >
      <a
        className="link-class"
        href="#cleared-hierarchicalFacet-val1"
        onClick={[Function]}
      >
        <div
          dangerouslySetInnerHTML={
            Object {
              "__html": "hierarchicalFacet: hierarchicalFacet-val1 :",
            }
          }
        />
      </a>
    </div>
    <div
      className="item-class"
    >
      <a
        className="link-class"
        href="#cleared-numericFacet-val1"
        onClick={[Function]}
      >
        <div
          dangerouslySetInnerHTML={
            Object {
              "__html": "numericFacet: numericFacet-val1 :",
            }
          }
        />
      </a>
    </div>
    <div
      className="item-class"
    >
      <a
        className="link-class"
        href="#cleared-tag1"
        onClick={[Function]}
      >
        <div
          dangerouslySetInnerHTML={
            Object {
              "__html": "_tags: tag1 :",
            }
          }
        />
      </a>
    </div>
  </div>
</div>
`;

exports[`CurrentRefinedValues options.clearAllPosition false 1`] = `
<div>
  <div
    className="list-class"
  >
    <div
      className="item-class"
    >
      <a
        className="link-class"
        href="#cleared-facet-val1"
        onClick={[Function]}
      >
        <div
          dangerouslySetInnerHTML={
            Object {
              "__html": "facet: facet-val1 :",
            }
          }
        />
      </a>
    </div>
    <div
      className="item-class"
    >
      <a
        className="link-class"
        href="#cleared-facet-val2"
        onClick={[Function]}
      >
        <div
          dangerouslySetInnerHTML={
            Object {
              "__html": "facet: facet-val2 :",
            }
          }
        />
      </a>
    </div>
    <div
      className="item-class"
    >
      <a
        className="link-class"
        href="#cleared-facetExclude-val1"
        onClick={[Function]}
      >
        <div
          dangerouslySetInnerHTML={
            Object {
              "__html": "facetExclude: disjunctiveFacet-val1 :",
            }
          }
        />
      </a>
    </div>
    <div
      className="item-class"
    >
      <a
        className="link-class"
        href="#cleared-disjunctiveFacet-val1"
        onClick={[Function]}
      >
        <div
          dangerouslySetInnerHTML={
            Object {
              "__html": "disjunctiveFacet: disjunctiveFacet-val1 :",
            }
          }
        />
      </a>
    </div>
    <div
      className="item-class"
    >
      <a
        className="link-class"
        href="#cleared-hierarchicalFacet-val1"
        onClick={[Function]}
      >
        <div
          dangerouslySetInnerHTML={
            Object {
              "__html": "hierarchicalFacet: hierarchicalFacet-val1 :",
            }
          }
        />
      </a>
    </div>
    <div
      className="item-class"
    >
      <a
        className="link-class"
        href="#cleared-numericFacet-val1"
        onClick={[Function]}
      >
        <div
          dangerouslySetInnerHTML={
            Object {
              "__html": "numericFacet: numericFacet-val1 :",
            }
          }
        />
      </a>
    </div>
    <div
      className="item-class"
    >
      <a
        className="link-class"
        href="#cleared-tag1"
        onClick={[Function]}
      >
        <div
          dangerouslySetInnerHTML={
            Object {
              "__html": "_tags: tag1 :",
            }
          }
        />
      </a>
    </div>
  </div>
</div>
`;

exports[`CurrentRefinedValues options.clearAllURL is used in the clearAll element after 1`] = `
<div>
  <a
    className="clear-all-class"
    href="#custom-clear-all"
    onClick={[Function]}
  >
    <div
      dangerouslySetInnerHTML={
        Object {
          "__html": "CLEAR ALL",
        }
      }
    />
  </a>
  <div
    className="list-class"
  >
    <div
      className="item-class"
    >
      <a
        className="link-class"
        href="#cleared-facet-val1"
        onClick={[Function]}
      >
        <div
          dangerouslySetInnerHTML={
            Object {
              "__html": "facet: facet-val1 :",
            }
          }
        />
      </a>
    </div>
    <div
      className="item-class"
    >
      <a
        className="link-class"
        href="#cleared-facet-val2"
        onClick={[Function]}
      >
        <div
          dangerouslySetInnerHTML={
            Object {
              "__html": "facet: facet-val2 :",
            }
          }
        />
      </a>
    </div>
    <div
      className="item-class"
    >
      <a
        className="link-class"
        href="#cleared-facetExclude-val1"
        onClick={[Function]}
      >
        <div
          dangerouslySetInnerHTML={
            Object {
              "__html": "facetExclude: disjunctiveFacet-val1 :",
            }
          }
        />
      </a>
    </div>
    <div
      className="item-class"
    >
      <a
        className="link-class"
        href="#cleared-disjunctiveFacet-val1"
        onClick={[Function]}
      >
        <div
          dangerouslySetInnerHTML={
            Object {
              "__html": "disjunctiveFacet: disjunctiveFacet-val1 :",
            }
          }
        />
      </a>
    </div>
    <div
      className="item-class"
    >
      <a
        className="link-class"
        href="#cleared-hierarchicalFacet-val1"
        onClick={[Function]}
      >
        <div
          dangerouslySetInnerHTML={
            Object {
              "__html": "hierarchicalFacet: hierarchicalFacet-val1 :",
            }
          }
        />
      </a>
    </div>
    <div
      className="item-class"
    >
      <a
        className="link-class"
        href="#cleared-numericFacet-val1"
        onClick={[Function]}
      >
        <div
          dangerouslySetInnerHTML={
            Object {
              "__html": "numericFacet: numericFacet-val1 :",
            }
          }
        />
      </a>
    </div>
    <div
      className="item-class"
    >
      <a
        className="link-class"
        href="#cleared-tag1"
        onClick={[Function]}
      >
        <div
          dangerouslySetInnerHTML={
            Object {
              "__html": "_tags: tag1 :",
            }
          }
        />
      </a>
    </div>
  </div>
</div>
`;

exports[`CurrentRefinedValues options.clearAllURL is used in the clearAll element before 1`] = `
<div>
  <a
    className="clear-all-class"
    href="#custom-clear-all"
    onClick={[Function]}
  >
    <div
      dangerouslySetInnerHTML={
        Object {
          "__html": "CLEAR ALL",
        }
      }
    />
  </a>
  <div
    className="list-class"
  >
    <div
      className="item-class"
    >
      <a
        className="link-class"
        href="#cleared-facet-val1"
        onClick={[Function]}
      >
        <div
          dangerouslySetInnerHTML={
            Object {
              "__html": "facet: facet-val1 :",
            }
          }
        />
      </a>
    </div>
    <div
      className="item-class"
    >
      <a
        className="link-class"
        href="#cleared-facet-val2"
        onClick={[Function]}
      >
        <div
          dangerouslySetInnerHTML={
            Object {
              "__html": "facet: facet-val2 :",
            }
          }
        />
      </a>
    </div>
    <div
      className="item-class"
    >
      <a
        className="link-class"
        href="#cleared-facetExclude-val1"
        onClick={[Function]}
      >
        <div
          dangerouslySetInnerHTML={
            Object {
              "__html": "facetExclude: disjunctiveFacet-val1 :",
            }
          }
        />
      </a>
    </div>
    <div
      className="item-class"
    >
      <a
        className="link-class"
        href="#cleared-disjunctiveFacet-val1"
        onClick={[Function]}
      >
        <div
          dangerouslySetInnerHTML={
            Object {
              "__html": "disjunctiveFacet: disjunctiveFacet-val1 :",
            }
          }
        />
      </a>
    </div>
    <div
      className="item-class"
    >
      <a
        className="link-class"
        href="#cleared-hierarchicalFacet-val1"
        onClick={[Function]}
      >
        <div
          dangerouslySetInnerHTML={
            Object {
              "__html": "hierarchicalFacet: hierarchicalFacet-val1 :",
            }
          }
        />
      </a>
    </div>
    <div
      className="item-class"
    >
      <a
        className="link-class"
        href="#cleared-numericFacet-val1"
        onClick={[Function]}
      >
        <div
          dangerouslySetInnerHTML={
            Object {
              "__html": "numericFacet: numericFacet-val1 :",
            }
          }
        />
      </a>
    </div>
    <div
      className="item-class"
    >
      <a
        className="link-class"
        href="#cleared-tag1"
        onClick={[Function]}
      >
        <div
          dangerouslySetInnerHTML={
            Object {
              "__html": "_tags: tag1 :",
            }
          }
        />
      </a>
    </div>
  </div>
</div>
`;

exports[`CurrentRefinedValues options.clearRefinementURLs is used in an item element 1`] = `
<div>
  <a
    className="clear-all-class"
    href="#cleared-all"
    onClick={[Function]}
  >
    <div
      dangerouslySetInnerHTML={
        Object {
          "__html": "CLEAR ALL",
        }
      }
    />
  </a>
  <div
    className="list-class"
  >
    <div
      className="item-class"
    >
      <a
        className="link-class"
        href="#cleared-facet-val1"
        onClick={[Function]}
      >
        <div
          dangerouslySetInnerHTML={
            Object {
              "__html": "facet: facet-val1 :",
            }
          }
        />
      </a>
    </div>
    <div
      className="item-class"
    >
      <a
        className="link-class"
        href="#custom-clear-specific"
        onClick={[Function]}
      >
        <div
          dangerouslySetInnerHTML={
            Object {
              "__html": "facet: facet-val2 :",
            }
          }
        />
      </a>
    </div>
    <div
      className="item-class"
    >
      <a
        className="link-class"
        href="#cleared-facetExclude-val1"
        onClick={[Function]}
      >
        <div
          dangerouslySetInnerHTML={
            Object {
              "__html": "facetExclude: disjunctiveFacet-val1 :",
            }
          }
        />
      </a>
    </div>
    <div
      className="item-class"
    >
      <a
        className="link-class"
        href="#cleared-disjunctiveFacet-val1"
        onClick={[Function]}
      >
        <div
          dangerouslySetInnerHTML={
            Object {
              "__html": "disjunctiveFacet: disjunctiveFacet-val1 :",
            }
          }
        />
      </a>
    </div>
    <div
      className="item-class"
    >
      <a
        className="link-class"
        href="#cleared-hierarchicalFacet-val1"
        onClick={[Function]}
      >
        <div
          dangerouslySetInnerHTML={
            Object {
              "__html": "hierarchicalFacet: hierarchicalFacet-val1 :",
            }
          }
        />
      </a>
    </div>
    <div
      className="item-class"
    >
      <a
        className="link-class"
        href="#cleared-numericFacet-val1"
        onClick={[Function]}
      >
        <div
          dangerouslySetInnerHTML={
            Object {
              "__html": "numericFacet: numericFacet-val1 :",
            }
          }
        />
      </a>
    </div>
    <div
      className="item-class"
    >
      <a
        className="link-class"
        href="#cleared-tag1"
        onClick={[Function]}
      >
        <div
          dangerouslySetInnerHTML={
            Object {
              "__html": "_tags: tag1 :",
            }
          }
        />
      </a>
    </div>
  </div>
</div>
`;

exports[`CurrentRefinedValues options.refinements can be used with a disjunctive facet 1`] = `
<div>
  <a
    className="clear-all-class"
    href="#cleared-all"
    onClick={[Function]}
  >
    <div
      dangerouslySetInnerHTML={
        Object {
          "__html": "CLEAR ALL",
        }
      }
    />
  </a>
  <div
    className="list-class"
  >
    <div
      className="item-class"
    >
      <a
        className="link-class"
        href="#cleared-custom"
        onClick={[Function]}
      >
        <div
          dangerouslySetInnerHTML={
            Object {
              "__html": "customDisjunctiveFacet: val1 :",
            }
          }
        />
      </a>
    </div>
  </div>
</div>
`;

exports[`CurrentRefinedValues options.refinements can be used with a facet 1`] = `
<div>
  <a
    className="clear-all-class"
    href="#cleared-all"
    onClick={[Function]}
  >
    <div
      dangerouslySetInnerHTML={
        Object {
          "__html": "CLEAR ALL",
        }
      }
    />
  </a>
  <div
    className="list-class"
  >
    <div
      className="item-class"
    >
      <a
        className="link-class"
        href="#cleared-custom"
        onClick={[Function]}
      >
        <div
          dangerouslySetInnerHTML={
            Object {
              "__html": "customFacet: val1 :",
            }
          }
        />
      </a>
    </div>
  </div>
</div>
`;

exports[`CurrentRefinedValues options.refinements can be used with a hierarchical facet 1`] = `
<div>
  <a
    className="clear-all-class"
    href="#cleared-all"
    onClick={[Function]}
  >
    <div
      dangerouslySetInnerHTML={
        Object {
          "__html": "CLEAR ALL",
        }
      }
    />
  </a>
  <div
    className="list-class"
  >
    <div
      className="item-class"
    >
      <a
        className="link-class"
        href="#cleared-custom"
        onClick={[Function]}
      >
        <div
          dangerouslySetInnerHTML={
            Object {
              "__html": "customHierarchicalFacet: val1 :",
            }
          }
        />
      </a>
    </div>
  </div>
</div>
`;

exports[`CurrentRefinedValues options.refinements can be used with a tag 1`] = `
<div>
  <a
    className="clear-all-class"
    href="#cleared-all"
    onClick={[Function]}
  >
    <div
      dangerouslySetInnerHTML={
        Object {
          "__html": "CLEAR ALL",
        }
      }
    />
  </a>
  <div
    className="list-class"
  >
    <div
      className="item-class"
    >
      <a
        className="link-class"
        href="#cleared-custom"
        onClick={[Function]}
      >
        <div
          dangerouslySetInnerHTML={
            Object {
              "__html": "_tags: tag1 :",
            }
          }
        />
      </a>
    </div>
  </div>
</div>
`;

exports[`CurrentRefinedValues options.refinements can be used with an exclude 1`] = `
<div>
  <a
    className="clear-all-class"
    href="#cleared-all"
    onClick={[Function]}
  >
    <div
      dangerouslySetInnerHTML={
        Object {
          "__html": "CLEAR ALL",
        }
      }
    />
  </a>
  <div
    className="list-class"
  >
    <div
      className="item-class"
    >
      <a
        className="link-class"
        href="#cleared-custom"
        onClick={[Function]}
      >
        <div
          dangerouslySetInnerHTML={
            Object {
              "__html": "customExcludeFacet: val1 :",
            }
          }
        />
      </a>
    </div>
  </div>
</div>
`;

exports[`CurrentRefinedValues options.refinements can be used with numeric filters 1`] = `
<div>
  <a
    className="clear-all-class"
    href="#cleared-all"
    onClick={[Function]}
  >
    <div
      dangerouslySetInnerHTML={
        Object {
          "__html": "CLEAR ALL",
        }
      }
    />
  </a>
  <div
    className="list-class"
  >
    <div
      className="item-class"
    >
      <a
        className="link-class"
        href="#cleared-custom"
        onClick={[Function]}
      >
        <div
          dangerouslySetInnerHTML={
            Object {
              "__html": "customNumericFilter: val1 :",
            }
          }
        />
      </a>
    </div>
    <div
      className="item-class"
    >
      <a
        className="link-class"
        onClick={[Function]}
      >
        <div
          dangerouslySetInnerHTML={
            Object {
              "__html": "customNumericFilter: val2 :",
            }
          }
        />
      </a>
    </div>
    <div
      className="item-class"
    >
      <a
        className="link-class"
        onClick={[Function]}
      >
        <div
          dangerouslySetInnerHTML={
            Object {
              "__html": "customNumericFilter: val3 :",
            }
          }
        />
      </a>
    </div>
  </div>
</div>
`;

exports[`CurrentRefinedValues options.templateProps passes a custom template if given 1`] = `
<div>
  <a
    className="clear-all-class"
    href="#cleared-all"
    onClick={[Function]}
  >
    <div
      dangerouslySetInnerHTML={
        Object {
          "__html": "CLEAR ALL",
        }
      }
    />
  </a>
  <div
    className="list-class"
  >
    <div
      className="item-class"
    >
      <a
        className="link-class"
        href="#cleared-facet-val1"
        onClick={[Function]}
      >
        <div
          dangerouslySetInnerHTML={
            Object {
              "__html": "CUSTOM ITEM TEMPLATE",
            }
          }
        />
      </a>
    </div>
    <div
      className="item-class"
    >
      <a
        className="link-class"
        href="#cleared-facet-val2"
        onClick={[Function]}
      >
        <div
          dangerouslySetInnerHTML={
            Object {
              "__html": "CUSTOM ITEM TEMPLATE",
            }
          }
        />
      </a>
    </div>
    <div
      className="item-class"
    >
      <a
        className="link-class"
        href="#cleared-facetExclude-val1"
        onClick={[Function]}
      >
        <div
          dangerouslySetInnerHTML={
            Object {
              "__html": "CUSTOM ITEM TEMPLATE",
            }
          }
        />
      </a>
    </div>
    <div
      className="item-class"
    >
      <a
        className="link-class"
        href="#cleared-disjunctiveFacet-val1"
        onClick={[Function]}
      >
        <div
          dangerouslySetInnerHTML={
            Object {
              "__html": "CUSTOM ITEM TEMPLATE",
            }
          }
        />
      </a>
    </div>
    <div
      className="item-class"
    >
      <a
        className="link-class"
        href="#cleared-hierarchicalFacet-val1"
        onClick={[Function]}
      >
        <div
          dangerouslySetInnerHTML={
            Object {
              "__html": "CUSTOM ITEM TEMPLATE",
            }
          }
        />
      </a>
    </div>
    <div
      className="item-class"
    >
      <a
        className="link-class"
        href="#cleared-numericFacet-val1"
        onClick={[Function]}
      >
        <div
          dangerouslySetInnerHTML={
            Object {
              "__html": "CUSTOM ITEM TEMPLATE",
            }
          }
        />
      </a>
    </div>
    <div
      className="item-class"
    >
      <a
        className="link-class"
        href="#cleared-tag1"
        onClick={[Function]}
      >
        <div
          dangerouslySetInnerHTML={
            Object {
              "__html": "CUSTOM ITEM TEMPLATE",
            }
          }
        />
      </a>
    </div>
  </div>
</div>
`;

exports[`CurrentRefinedValues renders 1`] = `
<div>
  <a
    className="clear-all-class"
    href="#cleared-all"
    onClick={[Function]}
  >
    <div
      dangerouslySetInnerHTML={
        Object {
          "__html": "CLEAR ALL",
        }
      }
    />
  </a>
  <div
    className="list-class"
  >
    <div
      className="item-class"
    >
      <a
        className="link-class"
        href="#cleared-facet-val1"
        onClick={[Function]}
      >
        <div
          dangerouslySetInnerHTML={
            Object {
              "__html": "facet: facet-val1 :",
            }
          }
        />
      </a>
    </div>
    <div
      className="item-class"
    >
      <a
        className="link-class"
        href="#cleared-facet-val2"
        onClick={[Function]}
      >
        <div
          dangerouslySetInnerHTML={
            Object {
              "__html": "facet: facet-val2 :",
            }
          }
        />
      </a>
    </div>
    <div
      className="item-class"
    >
      <a
        className="link-class"
        href="#cleared-facetExclude-val1"
        onClick={[Function]}
      >
        <div
          dangerouslySetInnerHTML={
            Object {
              "__html": "facetExclude: disjunctiveFacet-val1 :",
            }
          }
        />
      </a>
    </div>
    <div
      className="item-class"
    >
      <a
        className="link-class"
        href="#cleared-disjunctiveFacet-val1"
        onClick={[Function]}
      >
        <div
          dangerouslySetInnerHTML={
            Object {
              "__html": "disjunctiveFacet: disjunctiveFacet-val1 :",
            }
          }
        />
      </a>
    </div>
    <div
      className="item-class"
    >
      <a
        className="link-class"
        href="#cleared-hierarchicalFacet-val1"
        onClick={[Function]}
      >
        <div
          dangerouslySetInnerHTML={
            Object {
              "__html": "hierarchicalFacet: hierarchicalFacet-val1 :",
            }
          }
        />
      </a>
    </div>
    <div
      className="item-class"
    >
      <a
        className="link-class"
        href="#cleared-numericFacet-val1"
        onClick={[Function]}
      >
        <div
          dangerouslySetInnerHTML={
            Object {
              "__html": "numericFacet: numericFacet-val1 :",
            }
          }
        />
      </a>
    </div>
    <div
      className="item-class"
    >
      <a
        className="link-class"
        href="#cleared-tag1"
        onClick={[Function]}
      >
        <div
          dangerouslySetInnerHTML={
            Object {
              "__html": "_tags: tag1 :",
            }
          }
        />
      </a>
    </div>
  </div>
</div>
`;
