// Jest Snapshot v1, https://goo.gl/fbAQLP

exports[`poweredBy renders only once at init 1`] = `
Object {
  "cssClasses": Object {
    "link": "ais-PoweredBy-link link",
    "logo": "ais-PoweredBy-logo logo",
    "root": "ais-PoweredBy ais-PoweredBy--light root",
  },
  "theme": "light",
  "url": "https://www.algolia.com/?utm_source=instantsearch.js&utm_medium=website&utm_content=localhost&utm_campaign=poweredby",
}
`;
