// Jest Snapshot v1, https://goo.gl/fbAQLP

exports[`pagination() calls twice ReactDOM.render(<Pagination props />, container) 1`] = `
<RawPagination-AutoHide
  createURL={[Function]}
  cssClasses={
    Object {
      "active": "ais-pagination--item__active active",
      "disabled": "ais-pagination--item__disabled disabled",
      "first": "ais-pagination--item__first first",
      "item": "ais-pagination--item item",
      "last": "ais-pagination--item__last last",
      "link": "ais-pagination--link link",
      "next": "ais-pagination--item__next next",
      "page": "ais-pagination--item__page page",
      "previous": "ais-pagination--item__previous previous",
      "root": "ais-pagination root cx",
    }
  }
  currentPage={0}
  labels={
    Object {
      "first": "«",
      "last": "»",
      "next": "›",
      "previous": "‹",
    }
  }
  nbHits={200}
  nbPages={20}
  padding={3}
  setCurrentPage={[Function]}
  shouldAutoHideContainer={false}
  showFirstLast={true}
/>
`;

exports[`pagination() calls twice ReactDOM.render(<Pagination props />, container) 2`] = `
<RawPagination-AutoHide
  createURL={[Function]}
  cssClasses={
    Object {
      "active": "ais-pagination--item__active active",
      "disabled": "ais-pagination--item__disabled disabled",
      "first": "ais-pagination--item__first first",
      "item": "ais-pagination--item item",
      "last": "ais-pagination--item__last last",
      "link": "ais-pagination--link link",
      "next": "ais-pagination--item__next next",
      "page": "ais-pagination--item__page page",
      "previous": "ais-pagination--item__previous previous",
      "root": "ais-pagination root cx",
    }
  }
  currentPage={0}
  labels={
    Object {
      "first": "«",
      "last": "»",
      "next": "›",
      "previous": "‹",
    }
  }
  nbHits={200}
  nbPages={20}
  padding={3}
  setCurrentPage={[Function]}
  shouldAutoHideContainer={false}
  showFirstLast={true}
/>
`;
