// Jest Snapshot v1, https://goo.gl/fbAQLP

exports[`RefinementListItem renders an item 1`] = `
<li
  className="item class"
  onClick={[Function]}
>
  <Component
    data={
      Object {
        "template": "data",
      }
    }
    template="props"
    templateKey="item key"
  />
  <div />
</li>
`;
