// Jest Snapshot v1, https://goo.gl/fbAQLP

exports[`Hits markup should render <Hits /> 1`] = `
<ol
  className="root"
>
  <li
    className="item"
    dangerouslySetInnerHTML={
      Object {
        "__html": "item",
      }
    }
  />
  <li
    className="item"
    dangerouslySetInnerHTML={
      Object {
        "__html": "item",
      }
    }
  />
</ol>
`;
